// Jest Snapshot v1, https://goo.gl/fbAQLP

exports[`Check render home screen 1`] = `null`;
