// Jest Snapshot v1, https://goo.gl/fbAQLP

exports[`Check render App 1`] = `null`;
